// Jest Snapshot v1, https://goo.gl/fbAQLP

exports[`null-loader should works as inline loader: errors 1`] = `Array []`;

exports[`null-loader should works as inline loader: module 1`] = `""`;

exports[`null-loader should works as inline loader: result 1`] = `Object {}`;

exports[`null-loader should works as inline loader: warnings 1`] = `Array []`;

exports[`null-loader should works with not js modules: errors 1`] = `Array []`;

exports[`null-loader should works with not js modules: module 1`] = `""`;

exports[`null-loader should works with not js modules: result 1`] = `Object {}`;

exports[`null-loader should works with not js modules: warnings 1`] = `Array []`;

exports[`null-loader should works: errors 1`] = `Array []`;

exports[`null-loader should works: module 1`] = `""`;

exports[`null-loader should works: result 1`] = `Object {}`;

exports[`null-loader should works: warnings 1`] = `Array []`;
