// Jest Snapshot v1, https://goo.gl/fbAQLP

exports[`validation with empty options: errors 1`] = `Array []`;

exports[`validation with empty options: warnings 1`] = `Array []`;

exports[`validation with unknown options: warnings 1`] = `Array []`;

exports[`validation without options: errors 1`] = `Array []`;

exports[`validation without options: warnings 1`] = `Array []`;
